---
http_interactions:
- request:
    method: post
    uri: "<MHV_HOST>/mhv-api/patient/v1/preferences/email"
    body:
      encoding: UTF-8
      string: '{"emailAddress":"kamyar.karshenas@va.gov"}'
    headers:
      User-Agent:
      - Vets.gov Agent
      Accept:
      - application/json
      Content-Type:
      - application/json
      Token: "<SESSION_TOKEN>"
      Expect:
      - ''
  response:
    status:
      code: 200
      message: OK
    headers:
      Server:
      - Apache-Coyote/1.1
      Content-Type:
      - application/json
      Content-Length:
      - '21'
      Date:
      - Tue, 02 May 2017 06:11:13 GMT
    body:
      encoding: UTF-8
      string: '{"status":"success" }'
    http_version:
  recorded_at: Tue, 02 May 2017 06:11:14 GMT
- request:
    method: post
    uri: "<MHV_HOST>/mhv-api/patient/v1/preferences/rx"
    body:
      encoding: UTF-8
      string: '{"flag":false}'
    headers:
      User-Agent:
      - Vets.gov Agent
      Accept:
      - application/json
      Content-Type:
      - application/json
      Token: "<SESSION_TOKEN>"
      Expect:
      - ''
  response:
    status:
      code: 200
      message: OK
    headers:
      Server:
      - Apache-Coyote/1.1
      Content-Type:
      - application/json
      Content-Length:
      - '21'
      Date:
      - Tue, 02 May 2017 06:11:13 GMT
    body:
      encoding: UTF-8
      string: '{"status":"success" }'
    http_version:
  recorded_at: Tue, 02 May 2017 06:11:14 GMT
- request:
    method: get
    uri: "<MHV_HOST>/mhv-api/patient/v1/preferences/email"
    body:
      encoding: US-ASCII
      string: ''
    headers:
      User-Agent:
      - Vets.gov Agent
      Accept:
      - application/json
      Content-Type:
      - application/json
      Token: "<SESSION_TOKEN>"
      Expect:
      - ''
  response:
    status:
      code: 200
      message: OK
    headers:
      Server:
      - Apache-Coyote/1.1
      Content-Type:
      - application/json
      Content-Length:
      - '42'
      Date:
      - Tue, 02 May 2017 06:11:14 GMT
    body:
      encoding: UTF-8
      string: '{"emailAddress":"kamyar.karshenas@va.gov"}'
    http_version:
  recorded_at: Tue, 02 May 2017 06:11:14 GMT
- request:
    method: get
    uri: "<MHV_HOST>/mhv-api/patient/v1/preferences/rx"
    body:
      encoding: US-ASCII
      string: ''
    headers:
      User-Agent:
      - Vets.gov Agent
      Accept:
      - application/json
      Content-Type:
      - application/json
      Token: "<SESSION_TOKEN>"
      Expect:
      - ''
  response:
    status:
      code: 200
      message: OK
    headers:
      Server:
      - Apache-Coyote/1.1
      Content-Type:
      - application/json
      Content-Length:
      - '14'
      Date:
      - Tue, 02 May 2017 06:11:14 GMT
    body:
      encoding: UTF-8
      string: '{"flag":false}'
    http_version:
  recorded_at: Tue, 02 May 2017 06:11:14 GMT
- request:
    method: post
    uri: "<MHV_HOST>/mhv-api/patient/v1/preferences/email"
    body:
      encoding: UTF-8
      string: '{"emailAddress":"Praneeth.Gaganapally@va.gov"}'
    headers:
      User-Agent:
      - Vets.gov Agent
      Accept:
      - application/json
      Content-Type:
      - application/json
      Token: "<SESSION_TOKEN>"
      Expect:
      - ''
  response:
    status:
      code: 200
      message: OK
    headers:
      Server:
      - Apache-Coyote/1.1
      Content-Type:
      - application/json
      Content-Length:
      - '21'
      Date:
      - Tue, 02 May 2017 06:11:14 GMT
    body:
      encoding: UTF-8
      string: '{"status":"success" }'
    http_version:
  recorded_at: Tue, 02 May 2017 06:11:15 GMT
- request:
    method: post
    uri: "<MHV_HOST>/mhv-api/patient/v1/preferences/rx"
    body:
      encoding: UTF-8
      string: '{"flag":true}'
    headers:
      User-Agent:
      - Vets.gov Agent
      Accept:
      - application/json
      Content-Type:
      - application/json
      Token: "<SESSION_TOKEN>"
      Expect:
      - ''
  response:
    status:
      code: 200
      message: OK
    headers:
      Server:
      - Apache-Coyote/1.1
      Content-Type:
      - application/json
      Content-Length:
      - '21'
      Date:
      - Tue, 02 May 2017 06:11:14 GMT
    body:
      encoding: UTF-8
      string: '{"status":"success" }'
    http_version:
  recorded_at: Tue, 02 May 2017 06:11:15 GMT
- request:
    method: get
    uri: "<MHV_HOST>/mhv-api/patient/v1/preferences/email"
    body:
      encoding: US-ASCII
      string: ''
    headers:
      User-Agent:
      - Vets.gov Agent
      Accept:
      - application/json
      Content-Type:
      - application/json
      Token: "<SESSION_TOKEN>"
      Expect:
      - ''
  response:
    status:
      code: 200
      message: OK
    headers:
      Server:
      - Apache-Coyote/1.1
      Content-Type:
      - application/json
      Content-Length:
      - '46'
      Date:
      - Tue, 02 May 2017 06:11:14 GMT
    body:
      encoding: UTF-8
      string: '{"emailAddress":"Praneeth.Gaganapally@va.gov"}'
    http_version:
  recorded_at: Tue, 02 May 2017 06:11:15 GMT
- request:
    method: get
    uri: "<MHV_HOST>/mhv-api/patient/v1/preferences/rx"
    body:
      encoding: US-ASCII
      string: ''
    headers:
      User-Agent:
      - Vets.gov Agent
      Accept:
      - application/json
      Content-Type:
      - application/json
      Token: "<SESSION_TOKEN>"
      Expect:
      - ''
  response:
    status:
      code: 200
      message: OK
    headers:
      Server:
      - Apache-Coyote/1.1
      Content-Type:
      - application/json
      Content-Length:
      - '13'
      Date:
      - Tue, 02 May 2017 06:11:14 GMT
    body:
      encoding: UTF-8
      string: '{"flag":true}'
    http_version:
  recorded_at: Tue, 02 May 2017 06:11:15 GMT
recorded_with: VCR 3.0.3
