---
http_interactions:
- request:
    method: post
    uri: https://sandbox-api.va.gov/oauth2/health/system/v1/token
    body:
      encoding: US-ASCII
      string: grant_type=client_credentials&client_assertion_type=urn%3Aietf%3Aparams%3Aoauth%3Aclient-assertion-type%3Ajwt-bearer&client_assertion=eyJhbGciOiJSUzI1NiJ9.eyJpc3MiOiIwb2FheTM4a3I4TFFicU5XUTJwNyIsInN1YiI6IjBvYWF5MzhrcjhMUWJxTldRMnA3IiwiYXVkIjoiaHR0cHM6Ly9kZXB0dmEtZXZhbC5va3RhLmNvbS9vYXV0aDIvYXVzOG5tMXEwZjdWUTBhNDgycDcvdjEvdG9rZW4iLCJleHAiOjE2NDIxNzUzMTN9.S__mARnJV8iVyW3feY8363CxnmHeLSp0S8d4YXhFXMAZY8T0YpAPlA2cLwEV_MtJ-bWnD8caZmEzekgC_JOUr0PWflYOqARVGqH_enU3Ubl6kFx7WoJ_e1qtHFOOMwAO3wa9qyK0VkWl3SN5cNpFoVUJswZBgGMNmOA-WY9vAuu9f0Gq_mp6wzjBj5DyLxrdUlOFZ5bBL9CqCmhvFUtn_BsgFG__GapoAprRBJ_d8QAFzlNUEPE7cauuklMq9o56hDZ3mWZdNY0YP4i9eBkFoCnpJSgJ22UC7YEayX-7vveeomfngE5mf-ukKyj7OwpyPZORzAS4XnBl3qKALnVHLO861Up9fMZ0SHgAJXRGNdlHjEAMU4wuI_5KVDME6kRjsD7dDjT0uvwIJscfG-3OvqyKprFo9cqArY5Rt-J87fT6eEOth1IAlX9xqRBfTd1eCMPLiyW15DkTu0E3nTLc1sWzZF20fn2jowLnp-eyhkYmcjhdteECh_QyNuqvMpbFS7eBvVRurAa8ruXCOM2I7vzErvIc0ioj6pCLjO7GI8if8LJBXP5jJ6GvZhRqR8ZRzLAzEZmbTSu2Rtpid0fbWd9RjtlToVukCan5XnEuXl68dZfI7U16fn7KLp81M6hpMO1Ix8sv0LAIDRsqUE66R58gb48hiZ23Y4y7_CtNEXs&scope=launch+patient%2FPatient.read+system%2FPatient.read+patient%2FObservation.read+patient%2FPractitioner.read+patient%2FMedicationRequest.read&launch=eyJwYXRpZW50IjogIjIwMDAxNjMifQ%3D%3D
    headers:
      Accept:
      - application/json
      Content-Type:
      - application/x-www-form-urlencoded
      User-Agent:
      - Vets.gov Agent
      Accept-Encoding:
      - gzip;q=1.0,deflate;q=0.6,identity;q=0.3
  response:
    status:
      code: 200
      message: OK
    headers:
      Date:
      - Fri, 14 Jan 2022 15:33:34 GMT
      Content-Type:
      - application/json; charset=utf-8
      Connection:
      - keep-alive
      Vary:
      - Origin
      Etag:
      - W/"4c9-eBX4iWlDSiIXUpwqpVNilJwS45c"
      Cache-Control:
      - ''
      Set-Cookie:
      - TS01dd66bd=01c16e2d818199a58d1ef8cd0d1f6301ef33368144f370cd2263a0019ab5f88abc11609841a1222a1351800b16b8f82310890da984;
        Max-Age=900; Path=/
      Transfer-Encoding:
      - chunked
    body:
      encoding: ASCII-8BIT
      string: '{"access_token":"eyJraWQiOiIyWGlHcG5XRjR0U0wtdENPX19zNDZhMGlkd3I1UUd6YVlwTm4xeEZNX1Y4IiwiYWxnIjoiUlMyNTYifQ.eyJ2ZXIiOjEsImp0aSI6IkFULl9oNlZKRnh1Y29Vc0daZ0VsYm9SMTkyTEFfYUNzN3lDTGxVZnBQYmhWN1kiLCJpc3MiOiJodHRwczovL2RlcHR2YS1ldmFsLm9rdGEuY29tL29hdXRoMi9hdXM4bm0xcTBmN1ZRMGE0ODJwNyIsImF1ZCI6Imh0dHBzOi8vc2FuZGJveC1hcGkudmEuZ292L3NlcnZpY2VzL2ZoaXIiLCJpYXQiOjE2NDIxNzQ0MTQsImV4cCI6MTY0MjE3NDcxNCwiY2lkIjoiMG9hYXkzOGtyOExRYnFOV1EycDciLCJzY3AiOlsibGF1bmNoIiwicGF0aWVudC9QYXRpZW50LnJlYWQiLCJwYXRpZW50L1ByYWN0aXRpb25lci5yZWFkIiwicGF0aWVudC9PYnNlcnZhdGlvbi5yZWFkIiwicGF0aWVudC9NZWRpY2F0aW9uUmVxdWVzdC5yZWFkIiwic3lzdGVtL1BhdGllbnQucmVhZCJdLCJzdWIiOiIwb2FheTM4a3I4TFFicU5XUTJwNyJ9.M91jNMGkkgE83f2xeheX9ChxwCRKmmIAi3J5kQ1OdqhiLJWNHiFM7pz8h9_iGO7ITkZZGGWHXXnbaAO7UjGCSnMma01URA_3jGyYKYnUWp352tYmF_CU-3Du-uWWKhgiN183odm-wBerh2yZai3-rVbU13IXdq5Y6et0kIJNadJBIaprqWo_utuQ7i_PfpnpDZKZVE6Cgs34ExwKyvh3Fy9JK5Y1n-rRIyoqDROs_ogQsZKS48mLg4jXQwLmFbTlNr0NZc_s1w3cVSPmHrMAz-P1bFT3-xW6s8RUNSyFjXZMtKwxu-v14FddzvOIYF9DdWnsuOJmkkqweZcIUDmDYg","token_type":"Bearer","scope":"launch
        patient/Patient.read patient/Practitioner.read patient/Observation.read patient/MedicationRequest.read
        system/Patient.read","expires_in":300,"state":null,"patient":"2000163"}'
  recorded_at: Fri, 14 Jan 2022 15:33:34 GMT
- request:
    method: get
    uri: https://sandbox-api.va.gov/services/fhir/v0/r4/Observation?_count=100&category=vital-signs&code=85354-9&patient=2000163
    body:
      encoding: US-ASCII
      string: ''
    headers:
      Accept:
      - application/json
      Content-Type:
      - application/json
      User-Agent:
      - Vets.gov Agent
      Authorization:
      - Bearer eyJraWQiOiIyWGlHcG5XRjR0U0wtdENPX19zNDZhMGlkd3I1UUd6YVlwTm4xeEZNX1Y4IiwiYWxnIjoiUlMyNTYifQ.eyJ2ZXIiOjEsImp0aSI6IkFULl9oNlZKRnh1Y29Vc0daZ0VsYm9SMTkyTEFfYUNzN3lDTGxVZnBQYmhWN1kiLCJpc3MiOiJodHRwczovL2RlcHR2YS1ldmFsLm9rdGEuY29tL29hdXRoMi9hdXM4bm0xcTBmN1ZRMGE0ODJwNyIsImF1ZCI6Imh0dHBzOi8vc2FuZGJveC1hcGkudmEuZ292L3NlcnZpY2VzL2ZoaXIiLCJpYXQiOjE2NDIxNzQ0MTQsImV4cCI6MTY0MjE3NDcxNCwiY2lkIjoiMG9hYXkzOGtyOExRYnFOV1EycDciLCJzY3AiOlsibGF1bmNoIiwicGF0aWVudC9QYXRpZW50LnJlYWQiLCJwYXRpZW50L1ByYWN0aXRpb25lci5yZWFkIiwicGF0aWVudC9PYnNlcnZhdGlvbi5yZWFkIiwicGF0aWVudC9NZWRpY2F0aW9uUmVxdWVzdC5yZWFkIiwic3lzdGVtL1BhdGllbnQucmVhZCJdLCJzdWIiOiIwb2FheTM4a3I4TFFicU5XUTJwNyJ9.M91jNMGkkgE83f2xeheX9ChxwCRKmmIAi3J5kQ1OdqhiLJWNHiFM7pz8h9_iGO7ITkZZGGWHXXnbaAO7UjGCSnMma01URA_3jGyYKYnUWp352tYmF_CU-3Du-uWWKhgiN183odm-wBerh2yZai3-rVbU13IXdq5Y6et0kIJNadJBIaprqWo_utuQ7i_PfpnpDZKZVE6Cgs34ExwKyvh3Fy9JK5Y1n-rRIyoqDROs_ogQsZKS48mLg4jXQwLmFbTlNr0NZc_s1w3cVSPmHrMAz-P1bFT3-xW6s8RUNSyFjXZMtKwxu-v14FddzvOIYF9DdWnsuOJmkkqweZcIUDmDYg
      Accept-Encoding:
      - gzip;q=1.0,deflate;q=0.6,identity;q=0.3
  response:
    status:
      code: 200
      message: ''
    headers:
      Date:
      - Fri, 14 Jan 2022 15:33:35 GMT
      Content-Type:
      - application/json
      Connection:
      - keep-alive
      X-Ratelimit-Remaining-Minute:
      - '296'
      X-Ratelimit-Limit-Minute:
      - '300'
      Ratelimit-Remaining:
      - '296'
      Ratelimit-Limit:
      - '300'
      Ratelimit-Reset:
      - '26'
      Vary:
      - Accept-Encoding
      - Origin
      X-Va-Includes-Icn:
      - '2000163'
      Pragma:
      - no-cache
      - no-cache
      X-Kong-Upstream-Latency:
      - '382'
      X-Kong-Proxy-Latency:
      - '1'
      Via:
      - kong/2.3.2
      Strict-Transport-Security:
      - max-age=15724800; includeSubDomains
      - max-age=31536000; includeSubDomains; preload
      Access-Control-Allow-Origin:
      - "*"
      Cache-Control:
      - no-cache, no-store
      Set-Cookie:
      - TS01dd66bd=01c16e2d8199b838d200238735ed4ab17dc45acd7dfbf2a716914a59bb932e7ce5c3008e042c5a9252bf7224eea0c9146ba21b25f3;
        Max-Age=900; Path=/
      Transfer-Encoding:
      - chunked
    body:
      encoding: ASCII-8BIT
      string: '{"resourceType":"Bundle","type":"searchset","total":7,"link":[{"relation":"first","url":"https://sandbox-api.va.gov/services/fhir/v0/r4/Observation?category=vital-signs&code=85354-9&patient=2000163&_count=100&page=1"},{"relation":"self","url":"https://sandbox-api.va.gov/services/fhir/v0/r4/Observation?category=vital-signs&code=85354-9&patient=2000163&_count=100&page=1"},{"relation":"last","url":"https://sandbox-api.va.gov/services/fhir/v0/r4/Observation?category=vital-signs&code=85354-9&patient=2000163&_count=100&page=1"}],"entry":[{"fullUrl":"https://sandbox-api.va.gov/services/fhir/v0/r4/Observation/I2-METNQZKXULAJF6MCMAVFMQONHY000000","resource":{"resourceType":"Observation","id":"I2-METNQZKXULAJF6MCMAVFMQONHY000000","meta":{"lastUpdated":"2009-04-22T01:15:52Z"},"status":"final","category":[{"coding":[{"system":"http://terminology.hl7.org/CodeSystem/observation-category","code":"vital-signs","display":"Vital
        Signs"}],"text":"Vital Signs"}],"code":{"coding":[{"system":"http://loinc.org","code":"85354-9","display":"Blood
        pressure systolic and diastolic"}],"text":"Blood pressure systolic and diastolic"},"subject":{"reference":"https://sandbox-api.va.gov/services/fhir/v0/r4/Patient/2000163","display":"Mr.
        Aurelio227 Cruickshank494"},"effectiveDateTime":"2009-03-23T01:15:52Z","issued":"2009-03-23T01:15:52Z","performer":[{"reference":"https://sandbox-api.va.gov/services/fhir/v0/r4/Organization/I2-TYIC2AW2NXNADER4SKRKJQZWRE000000","display":"LYONS
        VA MEDICAL CENTER"},{"reference":"https://sandbox-api.va.gov/services/fhir/v0/r4/Practitioner/I2-4ZXYC2SQAZCHMOWPPFNLOY65GE000000","display":"DR.
        THOMAS359 REYNOLDS206 PHD"}],"component":[{"code":{"coding":[{"system":"http://loinc.org","code":"8480-6","display":"Systolic
        blood pressure"}],"text":"Systolic blood pressure"},"valueQuantity":{"value":115.0,"unit":"mm[Hg]","system":"http://unitsofmeasure.org","code":"mm[Hg]"}},{"code":{"coding":[{"system":"http://loinc.org","code":"8462-4","display":"Diastolic
        blood pressure"}],"text":"Diastolic blood pressure"},"valueQuantity":{"value":87.0,"unit":"mm[Hg]","system":"http://unitsofmeasure.org","code":"mm[Hg]"}}]},"search":{"mode":"match"}},{"fullUrl":"https://sandbox-api.va.gov/services/fhir/v0/r4/Observation/I2-UPUTAX5OOVLASWDJPHMIYLU5GE000000","resource":{"resourceType":"Observation","id":"I2-UPUTAX5OOVLASWDJPHMIYLU5GE000000","meta":{"lastUpdated":"2010-04-28T01:15:52Z"},"status":"final","category":[{"coding":[{"system":"http://terminology.hl7.org/CodeSystem/observation-category","code":"vital-signs","display":"Vital
        Signs"}],"text":"Vital Signs"}],"code":{"coding":[{"system":"http://loinc.org","code":"85354-9","display":"Blood
        pressure systolic and diastolic"}],"text":"Blood pressure systolic and diastolic"},"subject":{"reference":"https://sandbox-api.va.gov/services/fhir/v0/r4/Patient/2000163","display":"Mr.
        Aurelio227 Cruickshank494"},"effectiveDateTime":"2010-03-29T01:15:52Z","issued":"2010-03-29T01:15:52Z","performer":[{"reference":"https://sandbox-api.va.gov/services/fhir/v0/r4/Organization/I2-YCRI7L52BYQL63ZFALGWIWF2WU000000","display":"WASHINGTON
        VA MEDICAL CENTER"},{"reference":"https://sandbox-api.va.gov/services/fhir/v0/r4/Practitioner/I2-HRJI2MVST2IQSPR7U5SACWIWZA000000","display":"DR.
        JANE460 DOE922 MD"}],"component":[{"code":{"coding":[{"system":"http://loinc.org","code":"8480-6","display":"Systolic
        blood pressure"}],"text":"Systolic blood pressure"},"valueQuantity":{"value":102.0,"unit":"mm[Hg]","system":"http://unitsofmeasure.org","code":"mm[Hg]"}},{"code":{"coding":[{"system":"http://loinc.org","code":"8462-4","display":"Diastolic
        blood pressure"}],"text":"Diastolic blood pressure"},"valueQuantity":{"value":70.0,"unit":"mm[Hg]","system":"http://unitsofmeasure.org","code":"mm[Hg]"}}]},"search":{"mode":"match"}},{"fullUrl":"https://sandbox-api.va.gov/services/fhir/v0/r4/Observation/I2-J3QAX2FTDLGLYQ427ORBU7CXR4000000","resource":{"resourceType":"Observation","id":"I2-J3QAX2FTDLGLYQ427ORBU7CXR4000000","meta":{"lastUpdated":"2011-05-04T01:15:52Z"},"status":"final","category":[{"coding":[{"system":"http://terminology.hl7.org/CodeSystem/observation-category","code":"vital-signs","display":"Vital
        Signs"}],"text":"Vital Signs"}],"code":{"coding":[{"system":"http://loinc.org","code":"85354-9","display":"Blood
        pressure systolic and diastolic"}],"text":"Blood pressure systolic and diastolic"},"subject":{"reference":"https://sandbox-api.va.gov/services/fhir/v0/r4/Patient/2000163","display":"Mr.
        Aurelio227 Cruickshank494"},"effectiveDateTime":"2011-04-04T01:15:52Z","issued":"2011-04-04T01:15:52Z","performer":[{"reference":"https://sandbox-api.va.gov/services/fhir/v0/r4/Organization/I2-AKOTGEFSVKFJOPUKHIVJAH5VQU000000","display":"NEW
        AMSTERDAM CBOC"}],"component":[{"code":{"coding":[{"system":"http://loinc.org","code":"8480-6","display":"Systolic
        blood pressure"}],"text":"Systolic blood pressure"},"valueQuantity":{"value":137.0,"unit":"mm[Hg]","system":"http://unitsofmeasure.org","code":"mm[Hg]"}},{"code":{"coding":[{"system":"http://loinc.org","code":"8462-4","display":"Diastolic
        blood pressure"}],"text":"Diastolic blood pressure"},"valueQuantity":{"value":86.0,"unit":"mm[Hg]","system":"http://unitsofmeasure.org","code":"mm[Hg]"}}]},"search":{"mode":"match"}},{"fullUrl":"https://sandbox-api.va.gov/services/fhir/v0/r4/Observation/I2-VKSBLPBVPCOHDZP6IEIJSX3DFA000000","resource":{"resourceType":"Observation","id":"I2-VKSBLPBVPCOHDZP6IEIJSX3DFA000000","meta":{"lastUpdated":"2012-05-09T01:15:52Z"},"status":"final","category":[{"coding":[{"system":"http://terminology.hl7.org/CodeSystem/observation-category","code":"vital-signs","display":"Vital
        Signs"}],"text":"Vital Signs"}],"code":{"coding":[{"system":"http://loinc.org","code":"85354-9","display":"Blood
        pressure systolic and diastolic"}],"text":"Blood pressure systolic and diastolic"},"subject":{"reference":"https://sandbox-api.va.gov/services/fhir/v0/r4/Patient/2000163","display":"Mr.
        Aurelio227 Cruickshank494"},"effectiveDateTime":"2012-04-09T01:15:52Z","issued":"2012-04-09T01:15:52Z","performer":[{"reference":"https://sandbox-api.va.gov/services/fhir/v0/r4/Organization/I2-TYIC2AW2NXNADER4SKRKJQZWRE000000","display":"LYONS
        VA MEDICAL CENTER"}],"component":[{"code":{"coding":[{"system":"http://loinc.org","code":"8480-6","display":"Systolic
        blood pressure"}],"text":"Systolic blood pressure"},"valueQuantity":{"value":124.0,"unit":"mm[Hg]","system":"http://unitsofmeasure.org","code":"mm[Hg]"}},{"code":{"coding":[{"system":"http://loinc.org","code":"8462-4","display":"Diastolic
        blood pressure"}],"text":"Diastolic blood pressure"},"valueQuantity":{"value":80.0,"unit":"mm[Hg]","system":"http://unitsofmeasure.org","code":"mm[Hg]"}}]},"search":{"mode":"match"}},{"fullUrl":"https://sandbox-api.va.gov/services/fhir/v0/r4/Observation/I2-MPK3NM7COBNKV3RMIP3N537CUA000000","resource":{"resourceType":"Observation","id":"I2-MPK3NM7COBNKV3RMIP3N537CUA000000","meta":{"lastUpdated":"2013-05-15T01:15:52Z"},"status":"final","category":[{"coding":[{"system":"http://terminology.hl7.org/CodeSystem/observation-category","code":"vital-signs","display":"Vital
        Signs"}],"text":"Vital Signs"}],"code":{"coding":[{"system":"http://loinc.org","code":"85354-9","display":"Blood
        pressure systolic and diastolic"}],"text":"Blood pressure systolic and diastolic"},"subject":{"reference":"https://sandbox-api.va.gov/services/fhir/v0/r4/Patient/2000163","display":"Mr.
        Aurelio227 Cruickshank494"},"effectiveDateTime":"2013-04-15T01:15:52Z","issued":"2013-04-15T01:15:52Z","performer":[{"reference":"https://sandbox-api.va.gov/services/fhir/v0/r4/Organization/I2-AKOTGEFSVKFJOPUKHIVJAH5VQU000000","display":"NEW
        AMSTERDAM CBOC"},{"reference":"https://sandbox-api.va.gov/services/fhir/v0/r4/Practitioner/I2-QXZOEMHBZNNC7BUGOTHVWYSZAI000000","display":"DR.
        JOHN248 SMITH811 MD"}],"component":[{"code":{"coding":[{"system":"http://loinc.org","code":"8480-6","display":"Systolic
        blood pressure"}],"text":"Systolic blood pressure"},"valueQuantity":{"value":156.0,"unit":"mm[Hg]","system":"http://unitsofmeasure.org","code":"mm[Hg]"}},{"code":{"coding":[{"system":"http://loinc.org","code":"8462-4","display":"Diastolic
        blood pressure"}],"text":"Diastolic blood pressure"},"valueQuantity":{"value":118.0,"unit":"mm[Hg]","system":"http://unitsofmeasure.org","code":"mm[Hg]"}}]},"search":{"mode":"match"}},{"fullUrl":"https://sandbox-api.va.gov/services/fhir/v0/r4/Observation/I2-E4VTK6Q5XIWP2T7QYM4MODNRK4000000","resource":{"resourceType":"Observation","id":"I2-E4VTK6Q5XIWP2T7QYM4MODNRK4000000","meta":{"lastUpdated":"2014-05-21T01:15:52Z"},"status":"final","category":[{"coding":[{"system":"http://terminology.hl7.org/CodeSystem/observation-category","code":"vital-signs","display":"Vital
        Signs"}],"text":"Vital Signs"}],"code":{"coding":[{"system":"http://loinc.org","code":"85354-9","display":"Blood
        pressure systolic and diastolic"}],"text":"Blood pressure systolic and diastolic"},"subject":{"reference":"https://sandbox-api.va.gov/services/fhir/v0/r4/Patient/2000163","display":"Mr.
        Aurelio227 Cruickshank494"},"effectiveDateTime":"2014-04-21T01:15:52Z","issued":"2014-04-21T01:15:52Z","performer":[{"reference":"https://sandbox-api.va.gov/services/fhir/v0/r4/Practitioner/I2-HRJI2MVST2IQSPR7U5SACWIWZA000000","display":"DR.
        JANE460 DOE922 MD"}],"component":[{"code":{"coding":[{"system":"http://loinc.org","code":"8480-6","display":"Systolic
        blood pressure"}],"text":"Systolic blood pressure"},"valueQuantity":{"value":192.0,"unit":"mm[Hg]","system":"http://unitsofmeasure.org","code":"mm[Hg]"}},{"code":{"coding":[{"system":"http://loinc.org","code":"8462-4","display":"Diastolic
        blood pressure"}],"text":"Diastolic blood pressure"},"valueQuantity":{"value":93.0,"unit":"mm[Hg]","system":"http://unitsofmeasure.org","code":"mm[Hg]"}}]},"search":{"mode":"match"}},{"fullUrl":"https://sandbox-api.va.gov/services/fhir/v0/r4/Observation/I2-ADC2KFW2PUXAHYQ44AW5ZYKTVU000000","resource":{"resourceType":"Observation","id":"I2-ADC2KFW2PUXAHYQ44AW5ZYKTVU000000","meta":{"lastUpdated":"2017-05-24T01:15:52Z"},"status":"final","category":[{"coding":[{"system":"http://terminology.hl7.org/CodeSystem/observation-category","code":"vital-signs","display":"Vital
        Signs"}],"text":"Vital Signs"}],"code":{"coding":[{"system":"http://loinc.org","code":"85354-9","display":"Blood
        pressure systolic and diastolic"}],"text":"Blood pressure systolic and diastolic"},"subject":{"reference":"https://sandbox-api.va.gov/services/fhir/v0/r4/Patient/2000163","display":"Mr.
        Aurelio227 Cruickshank494"},"effectiveDateTime":"2017-04-24T01:15:52Z","issued":"2017-04-24T01:15:52Z","performer":[{"reference":"https://sandbox-api.va.gov/services/fhir/v0/r4/Organization/I2-YCRI7L52BYQL63ZFALGWIWF2WU000000","display":"WASHINGTON
        VA MEDICAL CENTER"},{"reference":"https://sandbox-api.va.gov/services/fhir/v0/r4/Practitioner/I2-HRJI2MVST2IQSPR7U5SACWIWZA000000","display":"DR.
        JANE460 DOE922 MD"}],"component":[{"code":{"coding":[{"system":"http://loinc.org","code":"8480-6","display":"Systolic
        blood pressure"}],"text":"Systolic blood pressure"},"valueQuantity":{"value":153.0,"unit":"mm[Hg]","system":"http://unitsofmeasure.org","code":"mm[Hg]"}},{"code":{"coding":[{"system":"http://loinc.org","code":"8462-4","display":"Diastolic
        blood pressure"}],"text":"Diastolic blood pressure"},"valueQuantity":{"value":99.0,"unit":"mm[Hg]","system":"http://unitsofmeasure.org","code":"mm[Hg]"}}]},"search":{"mode":"match"}}]}'
  recorded_at: Fri, 14 Jan 2022 15:33:35 GMT
- request:
    method: get
    uri: https://sandbox-api.va.gov/services/fhir/v0/r4/MedicationRequest?_count=100&patient=2000163
    body:
      encoding: US-ASCII
      string: ''
    headers:
      Accept:
      - application/json
      Content-Type:
      - application/json
      User-Agent:
      - Vets.gov Agent
      Authorization:
      - Bearer eyJraWQiOiIyWGlHcG5XRjR0U0wtdENPX19zNDZhMGlkd3I1UUd6YVlwTm4xeEZNX1Y4IiwiYWxnIjoiUlMyNTYifQ.eyJ2ZXIiOjEsImp0aSI6IkFULl9oNlZKRnh1Y29Vc0daZ0VsYm9SMTkyTEFfYUNzN3lDTGxVZnBQYmhWN1kiLCJpc3MiOiJodHRwczovL2RlcHR2YS1ldmFsLm9rdGEuY29tL29hdXRoMi9hdXM4bm0xcTBmN1ZRMGE0ODJwNyIsImF1ZCI6Imh0dHBzOi8vc2FuZGJveC1hcGkudmEuZ292L3NlcnZpY2VzL2ZoaXIiLCJpYXQiOjE2NDIxNzQ0MTQsImV4cCI6MTY0MjE3NDcxNCwiY2lkIjoiMG9hYXkzOGtyOExRYnFOV1EycDciLCJzY3AiOlsibGF1bmNoIiwicGF0aWVudC9QYXRpZW50LnJlYWQiLCJwYXRpZW50L1ByYWN0aXRpb25lci5yZWFkIiwicGF0aWVudC9PYnNlcnZhdGlvbi5yZWFkIiwicGF0aWVudC9NZWRpY2F0aW9uUmVxdWVzdC5yZWFkIiwic3lzdGVtL1BhdGllbnQucmVhZCJdLCJzdWIiOiIwb2FheTM4a3I4TFFicU5XUTJwNyJ9.M91jNMGkkgE83f2xeheX9ChxwCRKmmIAi3J5kQ1OdqhiLJWNHiFM7pz8h9_iGO7ITkZZGGWHXXnbaAO7UjGCSnMma01URA_3jGyYKYnUWp352tYmF_CU-3Du-uWWKhgiN183odm-wBerh2yZai3-rVbU13IXdq5Y6et0kIJNadJBIaprqWo_utuQ7i_PfpnpDZKZVE6Cgs34ExwKyvh3Fy9JK5Y1n-rRIyoqDROs_ogQsZKS48mLg4jXQwLmFbTlNr0NZc_s1w3cVSPmHrMAz-P1bFT3-xW6s8RUNSyFjXZMtKwxu-v14FddzvOIYF9DdWnsuOJmkkqweZcIUDmDYg
      Accept-Encoding:
      - gzip;q=1.0,deflate;q=0.6,identity;q=0.3
  response:
    status:
      code: 200
      message: ''
    headers:
      Date:
      - Fri, 14 Jan 2022 15:33:36 GMT
      Content-Type:
      - application/json
      Connection:
      - keep-alive
      X-Ratelimit-Remaining-Minute:
      - '295'
      X-Ratelimit-Limit-Minute:
      - '300'
      Ratelimit-Remaining:
      - '295'
      Ratelimit-Limit:
      - '300'
      Ratelimit-Reset:
      - '25'
      Vary:
      - Accept-Encoding
      - Origin
      X-Va-Includes-Icn:
      - '2000163'
      Pragma:
      - no-cache
      - no-cache
      X-Kong-Upstream-Latency:
      - '918'
      X-Kong-Proxy-Latency:
      - '1'
      Via:
      - kong/2.3.2
      Strict-Transport-Security:
      - max-age=15724800; includeSubDomains
      - max-age=31536000; includeSubDomains; preload
      Access-Control-Allow-Origin:
      - "*"
      Cache-Control:
      - no-cache, no-store
      Set-Cookie:
      - TS01dd66bd=01c16e2d8101694ea82afaacffbf537245c69e6a560320467f3360eab718e174b167086909340b5de5533f4d56227c25e645540f9b;
        Max-Age=900; Path=/
      Transfer-Encoding:
      - chunked
    body:
      encoding: ASCII-8BIT
      string: '{"resourceType":"Bundle","type":"searchset","total":24,"link":[{"relation":"first","url":"https://sandbox-api.va.gov/services/fhir/v0/r4/MedicationRequest?patient=2000163&page=1&_count=100"},{"relation":"self","url":"https://sandbox-api.va.gov/services/fhir/v0/r4/MedicationRequest?patient=2000163&page=1&_count=100"},{"relation":"next","url":"https://sandbox-api.va.gov/services/fhir/v0/r4/MedicationRequest?patient=2000163&page=2&_count=100"},{"relation":"last","url":"https://sandbox-api.va.gov/services/fhir/v0/r4/MedicationRequest?patient=2000163&page=2&_count=100"}],"entry":[{"fullUrl":"https://sandbox-api.va.gov/services/fhir/v0/r4/MedicationRequest/I2-EOXHYGQVWVC3KY3LTUWOVMC2KQ000000","resource":{"resourceType":"MedicationRequest","id":"I2-EOXHYGQVWVC3KY3LTUWOVMC2KQ000000","status":"active","intent":"plan","reportedBoolean":true,"medicationReference":{"reference":"https://sandbox-api.va.gov/services/fhir/v0/r4/Medication/I2-P5K4DYBAAOZHY5ZNT7GMNQ33KA000000","display":"Hydrochlorothiazide
        6.25 MG"},"subject":{"reference":"https://sandbox-api.va.gov/services/fhir/v0/r4/Patient/2000163","display":"Mr.
        Aurelio227 Cruickshank494"},"authoredOn":"1995-02-06T02:15:52Z","_requester":{"extension":[{"url":"https://hl7.org/fhir/extension-data-absent-reason.html","valueCode":"unknown"}]},"note":[{"text":"Hydrochlorothiazide
        6.25 MG"}],"dosageInstruction":[{"text":"Once per day.","timing":{"repeat":{"boundsPeriod":{"start":"1995-02-06T02:15:52Z"}},"code":{"text":"As
        directed by physician."}},"route":{"text":"As directed by physician."}}]},"search":{"mode":"match"}},{"fullUrl":"https://sandbox-api.va.gov/services/fhir/v0/r4/MedicationRequest/I2-RSTRM7KH2JQ2BVEBKLM6PGHPRY000000","resource":{"resourceType":"MedicationRequest","id":"I2-RSTRM7KH2JQ2BVEBKLM6PGHPRY000000","status":"active","intent":"plan","reportedBoolean":true,"medicationReference":{"reference":"https://sandbox-api.va.gov/services/fhir/v0/r4/Medication/I2-P5K4DYBAAOZHY5ZNT7GMNQ33KA000000","display":"Hydrochlorothiazide
        6.25 MG"},"subject":{"reference":"https://sandbox-api.va.gov/services/fhir/v0/r4/Patient/2000163","display":"Mr.
        Aurelio227 Cruickshank494"},"authoredOn":"1995-02-06T02:15:52Z","_requester":{"extension":[{"url":"https://hl7.org/fhir/extension-data-absent-reason.html","valueCode":"unknown"}]},"note":[{"text":"Hydrochlorothiazide
        6.25 MG"}],"dosageInstruction":[{"text":"Once per day.","timing":{"repeat":{"boundsPeriod":{"start":"1995-02-06T02:15:52Z"}},"code":{"text":"As
        directed by physician."}},"route":{"text":"As directed by physician."}}]},"search":{"mode":"match"}},{"fullUrl":"https://sandbox-api.va.gov/services/fhir/v0/r4/MedicationRequest/I2-LD3OMR743BUVMUDOIOOW4PQWT4000000","resource":{"resourceType":"MedicationRequest","id":"I2-LD3OMR743BUVMUDOIOOW4PQWT4000000","status":"active","intent":"plan","reportedBoolean":true,"medicationReference":{"reference":"https://sandbox-api.va.gov/services/fhir/v0/r4/Medication/I2-AORGYTON63GNFEQXZ7OGP47SA4000000","display":"Loratadine
        5 MG Chewable Tablet"},"subject":{"reference":"https://sandbox-api.va.gov/services/fhir/v0/r4/Patient/2000163","display":"Mr.
        Aurelio227 Cruickshank494"},"authoredOn":"1995-04-30T01:15:52Z","_requester":{"extension":[{"url":"https://hl7.org/fhir/extension-data-absent-reason.html","valueCode":"unknown"}]},"note":[{"text":"Loratadine
        5 MG Chewable Tablet"}],"dosageInstruction":[{"text":"Once per day.","timing":{"repeat":{"boundsPeriod":{"start":"1995-04-30T01:15:52Z"}},"code":{"text":"As
        directed by physician."}},"route":{"text":"As directed by physician."}}]},"search":{"mode":"match"}},{"fullUrl":"https://sandbox-api.va.gov/services/fhir/v0/r4/MedicationRequest/I2-OXMFDO464CEXCZDDACAS7LV5MQ000000","resource":{"resourceType":"MedicationRequest","id":"I2-OXMFDO464CEXCZDDACAS7LV5MQ000000","status":"active","intent":"plan","reportedBoolean":true,"medicationReference":{"reference":"https://sandbox-api.va.gov/services/fhir/v0/r4/Medication/I2-AORGYTON63GNFEQXZ7OGP47SA4000000","display":"Loratadine
        5 MG Chewable Tablet"},"subject":{"reference":"https://sandbox-api.va.gov/services/fhir/v0/r4/Patient/2000163","display":"Mr.
        Aurelio227 Cruickshank494"},"authoredOn":"1995-04-30T01:15:52Z","_requester":{"extension":[{"url":"https://hl7.org/fhir/extension-data-absent-reason.html","valueCode":"unknown"}]},"note":[{"text":"Loratadine
        5 MG Chewable Tablet"}],"dosageInstruction":[{"text":"Once per day.","timing":{"repeat":{"boundsPeriod":{"start":"1995-04-30T01:15:52Z"}},"code":{"text":"As
        directed by physician."}},"route":{"text":"As directed by physician."}}]},"search":{"mode":"match"}},{"fullUrl":"https://sandbox-api.va.gov/services/fhir/v0/r4/MedicationRequest/I2-Z7Z7UGT7DGC5L2WOOUQ5T6RV7Y000000","resource":{"resourceType":"MedicationRequest","id":"I2-Z7Z7UGT7DGC5L2WOOUQ5T6RV7Y000000","status":"active","intent":"plan","reportedBoolean":true,"medicationReference":{"reference":"https://sandbox-api.va.gov/services/fhir/v0/r4/Medication/I2-QNZB6VUM2PSTJBAMFD3KKV4RNM000000","display":"0.3
        ML EPINEPHrine 0.5 MG/ML Auto-Injector"},"subject":{"reference":"https://sandbox-api.va.gov/services/fhir/v0/r4/Patient/2000163","display":"Mr.
        Aurelio227 Cruickshank494"},"authoredOn":"1995-04-30T01:15:52Z","_requester":{"extension":[{"url":"https://hl7.org/fhir/extension-data-absent-reason.html","valueCode":"unknown"}]},"note":[{"text":"0.3
        ML EPINEPHrine 0.5 MG/ML Auto-Injector"}],"dosageInstruction":[{"text":"Once
        per day.","timing":{"repeat":{"boundsPeriod":{"start":"1995-04-30T01:15:52Z"}},"code":{"text":"As
        directed by physician."}},"route":{"text":"As directed by physician."}}]},"search":{"mode":"match"}},{"fullUrl":"https://sandbox-api.va.gov/services/fhir/v0/r4/MedicationRequest/I2-OH4SJ273I6WNJ3CIJEFERO7BHA000000","resource":{"resourceType":"MedicationRequest","id":"I2-OH4SJ273I6WNJ3CIJEFERO7BHA000000","status":"active","intent":"plan","reportedBoolean":true,"medicationReference":{"reference":"https://sandbox-api.va.gov/services/fhir/v0/r4/Medication/I2-QNZB6VUM2PSTJBAMFD3KKV4RNM000000","display":"0.3
        ML EPINEPHrine 0.5 MG/ML Auto-Injector"},"subject":{"reference":"https://sandbox-api.va.gov/services/fhir/v0/r4/Patient/2000163","display":"Mr.
        Aurelio227 Cruickshank494"},"authoredOn":"1995-04-30T01:15:52Z","_requester":{"extension":[{"url":"https://hl7.org/fhir/extension-data-absent-reason.html","valueCode":"unknown"}]},"note":[{"text":"0.3
        ML EPINEPHrine 0.5 MG/ML Auto-Injector"}],"dosageInstruction":[{"text":"Once
        per day.","timing":{"repeat":{"boundsPeriod":{"start":"1995-04-30T01:15:52Z"}},"code":{"text":"As
        directed by physician."}},"route":{"text":"As directed by physician."}}]},"search":{"mode":"match"}},{"fullUrl":"https://sandbox-api.va.gov/services/fhir/v0/r4/MedicationRequest/I2-NEABKIZV24I2OXORZDEVBBK4KU000000","resource":{"resourceType":"MedicationRequest","id":"I2-NEABKIZV24I2OXORZDEVBBK4KU000000","status":"active","intent":"plan","reportedBoolean":true,"medicationReference":{"reference":"https://sandbox-api.va.gov/services/fhir/v0/r4/Medication/I2-INMS7LYERW3FR4ML2WRNK74F2Q000000","display":"120
        ACTUAT Fluticasone propionate 0.044 MG/ACTUAT Metered Dose Inhaler"},"subject":{"reference":"https://sandbox-api.va.gov/services/fhir/v0/r4/Patient/2000163","display":"Mr.
        Aurelio227 Cruickshank494"},"authoredOn":"1998-02-12T02:15:52Z","_requester":{"extension":[{"url":"https://hl7.org/fhir/extension-data-absent-reason.html","valueCode":"unknown"}]},"note":[{"text":"120
        ACTUAT Fluticasone propionate 0.044 MG/ACTUAT Metered Dose Inhaler"}],"dosageInstruction":[{"text":"Once
        per day.","timing":{"repeat":{"boundsPeriod":{"start":"1998-02-12T02:15:52Z"}},"code":{"text":"As
        directed by physician."}},"route":{"text":"As directed by physician."}}]},"search":{"mode":"match"}},{"fullUrl":"https://sandbox-api.va.gov/services/fhir/v0/r4/MedicationRequest/I2-ZVXMAWL4X57ZIAQ7MAIXZBPDFU000000","resource":{"resourceType":"MedicationRequest","id":"I2-ZVXMAWL4X57ZIAQ7MAIXZBPDFU000000","status":"active","intent":"plan","reportedBoolean":true,"medicationReference":{"reference":"https://sandbox-api.va.gov/services/fhir/v0/r4/Medication/I2-INMS7LYERW3FR4ML2WRNK74F2Q000000","display":"120
        ACTUAT Fluticasone propionate 0.044 MG/ACTUAT Metered Dose Inhaler"},"subject":{"reference":"https://sandbox-api.va.gov/services/fhir/v0/r4/Patient/2000163","display":"Mr.
        Aurelio227 Cruickshank494"},"authoredOn":"1998-02-12T02:15:52Z","_requester":{"extension":[{"url":"https://hl7.org/fhir/extension-data-absent-reason.html","valueCode":"unknown"}]},"note":[{"text":"120
        ACTUAT Fluticasone propionate 0.044 MG/ACTUAT Metered Dose Inhaler"}],"dosageInstruction":[{"text":"Once
        per day.","timing":{"repeat":{"boundsPeriod":{"start":"1998-02-12T02:15:52Z"}},"code":{"text":"As
        directed by physician."}},"route":{"text":"As directed by physician."}}]},"search":{"mode":"match"}},{"fullUrl":"https://sandbox-api.va.gov/services/fhir/v0/r4/MedicationRequest/I2-QXUA7RBW5DIGCVJ3KVDRQNP3CA000000","resource":{"resourceType":"MedicationRequest","id":"I2-QXUA7RBW5DIGCVJ3KVDRQNP3CA000000","status":"active","intent":"plan","reportedBoolean":true,"medicationReference":{"reference":"https://sandbox-api.va.gov/services/fhir/v0/r4/Medication/I2-LIQSX2BOLCA6ILIGRGOVWPHWCY000000","display":"200
        ACTUAT Albuterol 0.09 MG/ACTUAT Metered Dose Inhaler"},"subject":{"reference":"https://sandbox-api.va.gov/services/fhir/v0/r4/Patient/2000163","display":"Mr.
        Aurelio227 Cruickshank494"},"authoredOn":"1998-02-12T02:15:52Z","_requester":{"extension":[{"url":"https://hl7.org/fhir/extension-data-absent-reason.html","valueCode":"unknown"}]},"note":[{"text":"200
        ACTUAT Albuterol 0.09 MG/ACTUAT Metered Dose Inhaler"}],"dosageInstruction":[{"text":"Once
        per day.","timing":{"repeat":{"boundsPeriod":{"start":"1998-02-12T02:15:52Z"}},"code":{"text":"As
        directed by physician."}},"route":{"text":"As directed by physician."}}]},"search":{"mode":"match"}},{"fullUrl":"https://sandbox-api.va.gov/services/fhir/v0/r4/MedicationRequest/I2-YYRQU3UNBAUZQTWXJMR5OTJEUE000000","resource":{"resourceType":"MedicationRequest","id":"I2-YYRQU3UNBAUZQTWXJMR5OTJEUE000000","status":"active","intent":"plan","reportedBoolean":true,"medicationReference":{"reference":"https://sandbox-api.va.gov/services/fhir/v0/r4/Medication/I2-LIQSX2BOLCA6ILIGRGOVWPHWCY000000","display":"200
        ACTUAT Albuterol 0.09 MG/ACTUAT Metered Dose Inhaler"},"subject":{"reference":"https://sandbox-api.va.gov/services/fhir/v0/r4/Patient/2000163","display":"Mr.
        Aurelio227 Cruickshank494"},"authoredOn":"1998-02-12T02:15:52Z","_requester":{"extension":[{"url":"https://hl7.org/fhir/extension-data-absent-reason.html","valueCode":"unknown"}]},"note":[{"text":"200
        ACTUAT Albuterol 0.09 MG/ACTUAT Metered Dose Inhaler"}],"dosageInstruction":[{"text":"Once
        per day.","timing":{"repeat":{"boundsPeriod":{"start":"1998-02-12T02:15:52Z"}},"code":{"text":"As
        directed by physician."}},"route":{"text":"As directed by physician."}}]},"search":{"mode":"match"}},{"fullUrl":"https://sandbox-api.va.gov/services/fhir/v0/r4/MedicationRequest/I2-3TCBV3RAFLJW5X23X24CVL4YQE000000","resource":{"resourceType":"MedicationRequest","id":"I2-3TCBV3RAFLJW5X23X24CVL4YQE000000","status":"active","intent":"plan","reportedBoolean":true,"medicationReference":{"reference":"https://sandbox-api.va.gov/services/fhir/v0/r4/Medication/I2-3KI3RMYAJXTO5ZA6PNEZMJOQMA000000","display":"Hydrocortisone
        10 MG/ML Topical Cream"},"subject":{"reference":"https://sandbox-api.va.gov/services/fhir/v0/r4/Patient/2000163","display":"Mr.
        Aurelio227 Cruickshank494"},"authoredOn":"2009-03-25T01:15:52Z","_requester":{"extension":[{"url":"https://hl7.org/fhir/extension-data-absent-reason.html","valueCode":"unknown"}]},"note":[{"text":"Hydrocortisone
        10 MG/ML Topical Cream"}],"dosageInstruction":[{"text":"Once per day.","timing":{"repeat":{"boundsPeriod":{"start":"2009-03-25T01:15:52Z"}},"code":{"text":"As
        directed by physician."}},"route":{"text":"As directed by physician."}}]},"search":{"mode":"match"}},{"fullUrl":"https://sandbox-api.va.gov/services/fhir/v0/r4/MedicationRequest/I2-CWLVXHGI2FSYYYJFKWWHWPY7VM000000","resource":{"resourceType":"MedicationRequest","id":"I2-CWLVXHGI2FSYYYJFKWWHWPY7VM000000","status":"active","intent":"plan","reportedBoolean":true,"medicationReference":{"reference":"https://sandbox-api.va.gov/services/fhir/v0/r4/Medication/I2-3KI3RMYAJXTO5ZA6PNEZMJOQMA000000","display":"Hydrocortisone
        10 MG/ML Topical Cream"},"subject":{"reference":"https://sandbox-api.va.gov/services/fhir/v0/r4/Patient/2000163","display":"Mr.
        Aurelio227 Cruickshank494"},"authoredOn":"2009-03-25T01:15:52Z","_requester":{"extension":[{"url":"https://hl7.org/fhir/extension-data-absent-reason.html","valueCode":"unknown"}]},"note":[{"text":"Hydrocortisone
        10 MG/ML Topical Cream"}],"dosageInstruction":[{"text":"Once per day.","timing":{"repeat":{"boundsPeriod":{"start":"2009-03-25T01:15:52Z"}},"code":{"text":"As
        directed by physician."}},"route":{"text":"As directed by physician."}}]},"search":{"mode":"match"}},{"fullUrl":"https://sandbox-api.va.gov/services/fhir/v0/r4/MedicationRequest/I2-3SWMOWGVQF62Z373OBD3ZJJ7OU000000","resource":{"resourceType":"MedicationRequest","id":"I2-3SWMOWGVQF62Z373OBD3ZJJ7OU000000","status":"active","intent":"plan","reportedBoolean":true,"medicationReference":{"reference":"https://sandbox-api.va.gov/services/fhir/v0/r4/Medication/I2-NPJ6CNRXW47TSB3TJ2NRG4CX4M000000","display":"predniSONE
        5 MG Oral Tablet"},"subject":{"reference":"https://sandbox-api.va.gov/services/fhir/v0/r4/Patient/2000163","display":"Mr.
        Aurelio227 Cruickshank494"},"authoredOn":"2012-08-18T06:15:52Z","_requester":{"extension":[{"url":"https://hl7.org/fhir/extension-data-absent-reason.html","valueCode":"unknown"}]},"note":[{"text":"predniSONE
        5 MG Oral Tablet"}],"dosageInstruction":[{"text":"1 dose(s) 1 time(s) per
        1 days","timing":{"repeat":{"boundsPeriod":{"start":"2012-08-18T06:15:52Z"}},"code":{"text":"As
        directed by physician."}},"route":{"text":"As directed by physician."}}]},"search":{"mode":"match"}},{"fullUrl":"https://sandbox-api.va.gov/services/fhir/v0/r4/MedicationRequest/I2-BLQOV5VNSNP4CSBZYMUC7ND2LQ000000","resource":{"resourceType":"MedicationRequest","id":"I2-BLQOV5VNSNP4CSBZYMUC7ND2LQ000000","status":"active","intent":"plan","reportedBoolean":true,"medicationReference":{"reference":"https://sandbox-api.va.gov/services/fhir/v0/r4/Medication/I2-NPJ6CNRXW47TSB3TJ2NRG4CX4M000000","display":"predniSONE
        5 MG Oral Tablet"},"subject":{"reference":"https://sandbox-api.va.gov/services/fhir/v0/r4/Patient/2000163","display":"Mr.
        Aurelio227 Cruickshank494"},"authoredOn":"2012-08-18T06:15:52Z","_requester":{"extension":[{"url":"https://hl7.org/fhir/extension-data-absent-reason.html","valueCode":"unknown"}]},"note":[{"text":"predniSONE
        5 MG Oral Tablet"}],"dosageInstruction":[{"text":"1 dose(s) 1 time(s) per
        1 days","timing":{"repeat":{"boundsPeriod":{"start":"2012-08-18T06:15:52Z"}},"code":{"text":"As
        directed by physician."}},"route":{"text":"As directed by physician."}}]},"search":{"mode":"match"}},{"fullUrl":"https://sandbox-api.va.gov/services/fhir/v0/r4/MedicationRequest/I2-FRYLILLHREIRTD4ACLU7H2QB7Y000000","resource":{"resourceType":"MedicationRequest","id":"I2-FRYLILLHREIRTD4ACLU7H2QB7Y000000","status":"active","intent":"plan","reportedBoolean":true,"medicationReference":{"reference":"https://sandbox-api.va.gov/services/fhir/v0/r4/Medication/I2-D7TIQIJ5JP32ICSNNAS7CZFFJ4000000","display":"Hydrochlorothiazide
        25 MG"},"subject":{"reference":"https://sandbox-api.va.gov/services/fhir/v0/r4/Patient/2000163","display":"Mr.
        Aurelio227 Cruickshank494"},"authoredOn":"2013-04-15T01:15:52Z","_requester":{"extension":[{"url":"https://hl7.org/fhir/extension-data-absent-reason.html","valueCode":"unknown"}]},"note":[{"text":"Hydrochlorothiazide
        25 MG"}],"dosageInstruction":[{"text":"Once per day.","timing":{"repeat":{"boundsPeriod":{"start":"2013-04-15T01:15:52Z"}},"code":{"text":"As
        directed by physician."}},"route":{"text":"As directed by physician."}}]},"search":{"mode":"match"}},{"fullUrl":"https://sandbox-api.va.gov/services/fhir/v0/r4/MedicationRequest/I2-7U234OFI7MTFFENCB6JD5XVB4U000000","resource":{"resourceType":"MedicationRequest","id":"I2-7U234OFI7MTFFENCB6JD5XVB4U000000","status":"active","intent":"plan","reportedBoolean":true,"medicationReference":{"reference":"https://sandbox-api.va.gov/services/fhir/v0/r4/Medication/I2-D7TIQIJ5JP32ICSNNAS7CZFFJ4000000","display":"Hydrochlorothiazide
        25 MG"},"subject":{"reference":"https://sandbox-api.va.gov/services/fhir/v0/r4/Patient/2000163","display":"Mr.
        Aurelio227 Cruickshank494"},"authoredOn":"2013-04-15T01:15:52Z","_requester":{"extension":[{"url":"https://hl7.org/fhir/extension-data-absent-reason.html","valueCode":"unknown"}]},"note":[{"text":"Hydrochlorothiazide
        25 MG"}],"dosageInstruction":[{"text":"Once per day.","timing":{"repeat":{"boundsPeriod":{"start":"2013-04-15T01:15:52Z"}},"code":{"text":"As
        directed by physician."}},"route":{"text":"As directed by physician."}}]},"search":{"mode":"match"}}]}'
  recorded_at: Fri, 14 Jan 2022 15:33:36 GMT
- request:
    method: get
    uri: https://sandbox-api.va.gov/services/fhir/v0/r4/MedicationRequest?_count=100&page=2&patient=2000163
    body:
      encoding: US-ASCII
      string: ''
    headers:
      Accept:
      - application/json
      Content-Type:
      - application/json
      User-Agent:
      - Vets.gov Agent
      Authorization:
      - Bearer eyJraWQiOiIyWGlHcG5XRjR0U0wtdENPX19zNDZhMGlkd3I1UUd6YVlwTm4xeEZNX1Y4IiwiYWxnIjoiUlMyNTYifQ.eyJ2ZXIiOjEsImp0aSI6IkFULl9oNlZKRnh1Y29Vc0daZ0VsYm9SMTkyTEFfYUNzN3lDTGxVZnBQYmhWN1kiLCJpc3MiOiJodHRwczovL2RlcHR2YS1ldmFsLm9rdGEuY29tL29hdXRoMi9hdXM4bm0xcTBmN1ZRMGE0ODJwNyIsImF1ZCI6Imh0dHBzOi8vc2FuZGJveC1hcGkudmEuZ292L3NlcnZpY2VzL2ZoaXIiLCJpYXQiOjE2NDIxNzQ0MTQsImV4cCI6MTY0MjE3NDcxNCwiY2lkIjoiMG9hYXkzOGtyOExRYnFOV1EycDciLCJzY3AiOlsibGF1bmNoIiwicGF0aWVudC9QYXRpZW50LnJlYWQiLCJwYXRpZW50L1ByYWN0aXRpb25lci5yZWFkIiwicGF0aWVudC9PYnNlcnZhdGlvbi5yZWFkIiwicGF0aWVudC9NZWRpY2F0aW9uUmVxdWVzdC5yZWFkIiwic3lzdGVtL1BhdGllbnQucmVhZCJdLCJzdWIiOiIwb2FheTM4a3I4TFFicU5XUTJwNyJ9.M91jNMGkkgE83f2xeheX9ChxwCRKmmIAi3J5kQ1OdqhiLJWNHiFM7pz8h9_iGO7ITkZZGGWHXXnbaAO7UjGCSnMma01URA_3jGyYKYnUWp352tYmF_CU-3Du-uWWKhgiN183odm-wBerh2yZai3-rVbU13IXdq5Y6et0kIJNadJBIaprqWo_utuQ7i_PfpnpDZKZVE6Cgs34ExwKyvh3Fy9JK5Y1n-rRIyoqDROs_ogQsZKS48mLg4jXQwLmFbTlNr0NZc_s1w3cVSPmHrMAz-P1bFT3-xW6s8RUNSyFjXZMtKwxu-v14FddzvOIYF9DdWnsuOJmkkqweZcIUDmDYg
      Accept-Encoding:
      - gzip;q=1.0,deflate;q=0.6,identity;q=0.3
  response:
    status:
      code: 200
      message: ''
    headers:
      Date:
      - Fri, 14 Jan 2022 15:33:36 GMT
      Content-Type:
      - application/json
      Connection:
      - keep-alive
      X-Ratelimit-Remaining-Minute:
      - '294'
      X-Ratelimit-Limit-Minute:
      - '300'
      Ratelimit-Remaining:
      - '294'
      Ratelimit-Limit:
      - '300'
      Ratelimit-Reset:
      - '24'
      Vary:
      - Accept-Encoding
      - Origin
      X-Va-Includes-Icn:
      - '2000163'
      Pragma:
      - no-cache
      - no-cache
      X-Kong-Upstream-Latency:
      - '60'
      X-Kong-Proxy-Latency:
      - '0'
      Via:
      - kong/2.3.2
      Strict-Transport-Security:
      - max-age=15724800; includeSubDomains
      - max-age=31536000; includeSubDomains; preload
      Access-Control-Allow-Origin:
      - "*"
      Cache-Control:
      - no-cache, no-store
      Set-Cookie:
      - TS01dd66bd=01c16e2d8119958fc5a00f3ac94dfbd7eca86890c7ec395d23dabcb066bf4471cb0049f44d19b64549513ff4d2720cd03ca479494a;
        Max-Age=900; Path=/
      Transfer-Encoding:
      - chunked
    body:
      encoding: ASCII-8BIT
      string: '{"resourceType":"Bundle","type":"searchset","total":24,"link":[{"relation":"first","url":"https://sandbox-api.va.gov/services/fhir/v0/r4/MedicationRequest?patient=2000163&page=1&_count=100"},{"relation":"prev","url":"https://sandbox-api.va.gov/services/fhir/v0/r4/MedicationRequest?patient=2000163&page=1&_count=100"},{"relation":"self","url":"https://sandbox-api.va.gov/services/fhir/v0/r4/MedicationRequest?patient=2000163&page=2&_count=100"},{"relation":"last","url":"https://sandbox-api.va.gov/services/fhir/v0/r4/MedicationRequest?patient=2000163&page=2&_count=100"}],"entry":[{"fullUrl":"https://sandbox-api.va.gov/services/fhir/v0/r4/MedicationRequest/I2-KZ7VEWHN7GJTDIRX3NHY4FE4M4000000","resource":{"resourceType":"MedicationRequest","id":"I2-KZ7VEWHN7GJTDIRX3NHY4FE4M4000000","status":"completed","intent":"order","category":[{"coding":[{"system":"http://terminology.hl7.org/CodeSystem/medicationrequest-category","code":"outpatient","display":"Outpatient"}],"text":"Outpatient"}],"medicationReference":{"reference":"https://sandbox-api.va.gov/services/fhir/v0/r4/Medication/I2-P5K4DYBAAOZHY5ZNT7GMNQ33KA000000","display":"Hydrochlorothiazide
        6.25 MG"},"subject":{"reference":"https://sandbox-api.va.gov/services/fhir/v0/r4/Patient/2000163","display":"Mr.
        Aurelio227 Cruickshank494"},"authoredOn":"1995-02-05T07:00:00Z","requester":{"reference":"https://sandbox-api.va.gov/services/fhir/v0/r4/Practitioner/I2-4ZXYC2SQAZCHMOWPPFNLOY65GE000000","display":"DR.
        THOMAS359 REYNOLDS206 PHD"},"dispenseRequest":{"numberOfRepeatsAllowed":0,"quantity":{"value":1.0},"expectedSupplyDuration":{"value":30,"unit":"days","system":"http://unitsofmeasure.org","code":"d"}}},"search":{"mode":"match"}},{"fullUrl":"https://sandbox-api.va.gov/services/fhir/v0/r4/MedicationRequest/I2-C4NITP5SEEFNPUONHQU4FZ636A000000","resource":{"resourceType":"MedicationRequest","id":"I2-C4NITP5SEEFNPUONHQU4FZ636A000000","status":"active","intent":"order","category":[{"coding":[{"system":"http://terminology.hl7.org/CodeSystem/medicationrequest-category","code":"outpatient","display":"Outpatient"}],"text":"Outpatient"}],"medicationReference":{"reference":"https://sandbox-api.va.gov/services/fhir/v0/r4/Medication/I2-AORGYTON63GNFEQXZ7OGP47SA4000000","display":"Loratadine
        5 MG Chewable Tablet"},"subject":{"reference":"https://sandbox-api.va.gov/services/fhir/v0/r4/Patient/2000163","display":"Mr.
        Aurelio227 Cruickshank494"},"authoredOn":"1995-04-29T06:00:00Z","requester":{"reference":"https://sandbox-api.va.gov/services/fhir/v0/r4/Practitioner/I2-QXZOEMHBZNNC7BUGOTHVWYSZAI000000","display":"DR.
        JOHN248 SMITH811 MD"},"dispenseRequest":{"numberOfRepeatsAllowed":0,"quantity":{"value":1.0},"expectedSupplyDuration":{"value":30,"unit":"days","system":"http://unitsofmeasure.org","code":"d"}}},"search":{"mode":"match"}},{"fullUrl":"https://sandbox-api.va.gov/services/fhir/v0/r4/MedicationRequest/I2-EMREPL72DCI77B6QNXCWVAICDM000000","resource":{"resourceType":"MedicationRequest","id":"I2-EMREPL72DCI77B6QNXCWVAICDM000000","status":"active","intent":"order","category":[{"coding":[{"system":"http://terminology.hl7.org/CodeSystem/medicationrequest-category","code":"outpatient","display":"Outpatient"}],"text":"Outpatient"}],"medicationReference":{"reference":"https://sandbox-api.va.gov/services/fhir/v0/r4/Medication/I2-QNZB6VUM2PSTJBAMFD3KKV4RNM000000","display":"0.3
        ML EPINEPHrine 0.5 MG/ML Auto-Injector"},"subject":{"reference":"https://sandbox-api.va.gov/services/fhir/v0/r4/Patient/2000163","display":"Mr.
        Aurelio227 Cruickshank494"},"authoredOn":"1995-04-29T06:00:00Z","requester":{"reference":"https://sandbox-api.va.gov/services/fhir/v0/r4/Practitioner/I2-QXZOEMHBZNNC7BUGOTHVWYSZAI000000","display":"DR.
        JOHN248 SMITH811 MD"},"dispenseRequest":{"numberOfRepeatsAllowed":0,"quantity":{"value":1.0},"expectedSupplyDuration":{"value":30,"unit":"days","system":"http://unitsofmeasure.org","code":"d"}}},"search":{"mode":"match"}},{"fullUrl":"https://sandbox-api.va.gov/services/fhir/v0/r4/MedicationRequest/I2-Y455YZIVFQNYCVARUHTXBMKV5Y000000","resource":{"resourceType":"MedicationRequest","id":"I2-Y455YZIVFQNYCVARUHTXBMKV5Y000000","status":"completed","intent":"order","category":[{"coding":[{"system":"http://terminology.hl7.org/CodeSystem/medicationrequest-category","code":"outpatient","display":"Outpatient"}],"text":"Outpatient"}],"medicationReference":{"reference":"https://sandbox-api.va.gov/services/fhir/v0/r4/Medication/I2-INMS7LYERW3FR4ML2WRNK74F2Q000000","display":"120
        ACTUAT Fluticasone propionate 0.044 MG/ACTUAT Metered Dose Inhaler"},"subject":{"reference":"https://sandbox-api.va.gov/services/fhir/v0/r4/Patient/2000163","display":"Mr.
        Aurelio227 Cruickshank494"},"authoredOn":"1998-02-11T07:00:00Z","requester":{"reference":"https://sandbox-api.va.gov/services/fhir/v0/r4/Practitioner/I2-HRJI2MVST2IQSPR7U5SACWIWZA000000","display":"DR.
        JANE460 DOE922 MD"},"dispenseRequest":{"numberOfRepeatsAllowed":0,"quantity":{"value":1.0},"expectedSupplyDuration":{"value":30,"unit":"days","system":"http://unitsofmeasure.org","code":"d"}}},"search":{"mode":"match"}},{"fullUrl":"https://sandbox-api.va.gov/services/fhir/v0/r4/MedicationRequest/I2-YU2EYALYBOLFRDIMCBARDGL7NE000000","resource":{"resourceType":"MedicationRequest","id":"I2-YU2EYALYBOLFRDIMCBARDGL7NE000000","status":"completed","intent":"order","category":[{"coding":[{"system":"http://terminology.hl7.org/CodeSystem/medicationrequest-category","code":"outpatient","display":"Outpatient"}],"text":"Outpatient"}],"medicationReference":{"reference":"https://sandbox-api.va.gov/services/fhir/v0/r4/Medication/I2-LIQSX2BOLCA6ILIGRGOVWPHWCY000000","display":"200
        ACTUAT Albuterol 0.09 MG/ACTUAT Metered Dose Inhaler"},"subject":{"reference":"https://sandbox-api.va.gov/services/fhir/v0/r4/Patient/2000163","display":"Mr.
        Aurelio227 Cruickshank494"},"authoredOn":"1998-02-11T07:00:00Z","requester":{"reference":"https://sandbox-api.va.gov/services/fhir/v0/r4/Practitioner/I2-HRJI2MVST2IQSPR7U5SACWIWZA000000","display":"DR.
        JANE460 DOE922 MD"},"dispenseRequest":{"numberOfRepeatsAllowed":0,"quantity":{"value":1.0},"expectedSupplyDuration":{"value":30,"unit":"days","system":"http://unitsofmeasure.org","code":"d"}}},"search":{"mode":"match"}},{"fullUrl":"https://sandbox-api.va.gov/services/fhir/v0/r4/MedicationRequest/I2-666T2NA3RTMP6IQK3NX4U2XIQM000000","resource":{"resourceType":"MedicationRequest","id":"I2-666T2NA3RTMP6IQK3NX4U2XIQM000000","status":"completed","intent":"order","category":[{"coding":[{"system":"http://terminology.hl7.org/CodeSystem/medicationrequest-category","code":"outpatient","display":"Outpatient"}],"text":"Outpatient"}],"medicationReference":{"reference":"https://sandbox-api.va.gov/services/fhir/v0/r4/Medication/I2-3KI3RMYAJXTO5ZA6PNEZMJOQMA000000","display":"Hydrocortisone
        10 MG/ML Topical Cream"},"subject":{"reference":"https://sandbox-api.va.gov/services/fhir/v0/r4/Patient/2000163","display":"Mr.
        Aurelio227 Cruickshank494"},"authoredOn":"2009-03-24T06:00:00Z","requester":{"reference":"https://sandbox-api.va.gov/services/fhir/v0/r4/Practitioner/I2-HRJI2MVST2IQSPR7U5SACWIWZA000000","display":"DR.
        JANE460 DOE922 MD"},"dispenseRequest":{"numberOfRepeatsAllowed":0,"quantity":{"value":1.0},"expectedSupplyDuration":{"value":30,"unit":"days","system":"http://unitsofmeasure.org","code":"d"}}},"search":{"mode":"match"}},{"fullUrl":"https://sandbox-api.va.gov/services/fhir/v0/r4/MedicationRequest/I2-FR6CHJZAX27UFKZH52XOWALRQA000000","resource":{"resourceType":"MedicationRequest","id":"I2-FR6CHJZAX27UFKZH52XOWALRQA000000","status":"completed","intent":"order","category":[{"coding":[{"system":"http://terminology.hl7.org/CodeSystem/medicationrequest-category","code":"outpatient","display":"Outpatient"}],"text":"Outpatient"}],"medicationReference":{"reference":"https://sandbox-api.va.gov/services/fhir/v0/r4/Medication/I2-NPJ6CNRXW47TSB3TJ2NRG4CX4M000000","display":"predniSONE
        5 MG Oral Tablet"},"subject":{"reference":"https://sandbox-api.va.gov/services/fhir/v0/r4/Patient/2000163","display":"Mr.
        Aurelio227 Cruickshank494"},"authoredOn":"2012-08-19T06:15:52Z","requester":{"reference":"https://sandbox-api.va.gov/services/fhir/v0/r4/Practitioner/I2-QXZOEMHBZNNC7BUGOTHVWYSZAI000000","display":"DR.
        JOHN248 SMITH811 MD"},"dispenseRequest":{"numberOfRepeatsAllowed":0,"quantity":{"value":1.0},"expectedSupplyDuration":{"value":30,"unit":"days","system":"http://unitsofmeasure.org","code":"d"}}},"search":{"mode":"match"}},{"fullUrl":"https://sandbox-api.va.gov/services/fhir/v0/r4/MedicationRequest/I2-S62I3RBPGA6XFOASY2QUBRHPAE000000","resource":{"resourceType":"MedicationRequest","id":"I2-S62I3RBPGA6XFOASY2QUBRHPAE000000","status":"active","intent":"order","category":[{"coding":[{"system":"http://terminology.hl7.org/CodeSystem/medicationrequest-category","code":"outpatient","display":"Outpatient"}],"text":"Outpatient"}],"medicationReference":{"reference":"https://sandbox-api.va.gov/services/fhir/v0/r4/Medication/I2-D7TIQIJ5JP32ICSNNAS7CZFFJ4000000","display":"Hydrochlorothiazide
        25 MG"},"subject":{"reference":"https://sandbox-api.va.gov/services/fhir/v0/r4/Patient/2000163","display":"Mr.
        Aurelio227 Cruickshank494"},"authoredOn":"2013-04-14T06:00:00Z","requester":{"reference":"https://sandbox-api.va.gov/services/fhir/v0/r4/Practitioner/I2-QXZOEMHBZNNC7BUGOTHVWYSZAI000000","display":"DR.
        JOHN248 SMITH811 MD"},"dispenseRequest":{"numberOfRepeatsAllowed":0,"quantity":{"value":1.0},"expectedSupplyDuration":{"value":30,"unit":"days","system":"http://unitsofmeasure.org","code":"d"}}},"search":{"mode":"match"}}]}'
  recorded_at: Fri, 14 Jan 2022 15:33:36 GMT
recorded_with: VCR 6.0.0
